6216,162,-0.112962,-42.00
6235,162,-0.016963,-42.00
6255,162,-0.016965,-42.00
6275,159,0.272210,-39.00
6295,158,0.080601,-38.00
6314,157,0.086044,-37.00
6334,160,-0.304186,-40.00
6353,156,0.389592,-36.00
6373,160,-0.400188,-40.00
6393,155,0.465771,-35.00
6412,157,-0.217119,-37.00
6432,155,0.177769,-35.00
6452,155,-0.014232,-35.00
6472,156,-0.110626,-36.00
6491,156,-0.014627,-36.00
6511,154,0.178156,-34.00
6531,153,0.082547,-33.00
6550,156,-0.317788,-36.00
6570,154,0.178153,-34.00
6590,152,0.178936,-32.00
6609,154,-0.215954,-34.00
6629,149,0.468110,-29.00
6648,152,-0.316225,-32.00
6668,148,0.372500,-28.00
6688,146,0.181283,-26.00
6707,144,0.192172,-24.00
6727,147,-0.299110,-27.00
6747,146,0.085281,-26.00
6766,144,0.192169,-24.00
6786,144,-0.009937,-24.00
6806,145,-0.106329,-25.00
6825,144,0.091114,-24.00
6845,142,0.182845,-22.00
6864,140,0.193734,-20.00
6884,142,-0.201156,-22.00
6904,138,0.376411,-18.00
6923,139,-0.109034,-19.00
6943,136,0.281194,-16.00
6963,136,-0.006806,-16.00
6982,134,0.196082,-14.00
7002,133,0.090369,-13.00
7022,130,0.283544,-10.00
7041,129,0.096989,-9.00
7061,126,0.285112,-6.00
7081,128,-0.195672,-8.00
7100,125,0.300662,-5.00
7120,128,-0.291673,-8.00
7140,124,0.381895,-4.00
7159,120,0.403674,0.00
7179,121,-0.096929,-1.00
7198,120,0.100516,0.00
7218,118,0.192247,2.00
7237,120,-0.202642,0.00
7257,116,0.385031,4.00
7277,119,-0.288145,1.00
7297,113,0.578208,7.00
7316,113,0.002208,7.00
7336,115,-0.190576,5.00
7356,111,0.386992,9.00
7375,110,0.104437,10.00
7395,111,-0.093007,9.00
7414,108,0.307327,12.00
7434,108,0.004170,12.00
7454,107,0.100562,13.00
7473,107,0.004562,13.00
7493,102,0.486523,18.00
7513,106,-0.379045,14.00
7532,105,0.106401,15.00
7552,103,0.198132,17.00
7572,104,-0.090259,16.00
7592,104,0.005742,16.00
7611,104,0.005742,16.00
7631,104,0.005743,16.00
7650,105,-0.095702,15.00
7670,105,0.005351,15.00
7690,106,-0.091040,14.00
7709,105,0.106405,15.00
7729,105,0.005353,15.00
7749,103,0.198137,17.00
7768,107,-0.399641,13.00
7788,109,-0.188214,11.00
7808,104,0.485747,16.00
7827,105,-0.095698,15.00
7847,108,-0.283821,12.00
7867,111,-0.284996,9.00
7886,105,0.611672,15.00
7906,113,-0.765780,7.00
7926,109,0.387789,11.00
7945,111,-0.199100,9.00
7965,114,-0.286171,6.00
7984,110,0.407608,10.00
8004,109,0.099790,11.00
8024,115,-0.574562,5.00
8043,113,0.204328,7.00
8063,115,-0.190562,5.00
8083,117,-0.191345,3.00
8102,114,0.304989,6.00
8122,117,-0.287345,3.00
8142,115,0.193439,5.00
8161,120,-0.505784,0.00
8181,114,0.577831,6.00
8201,118,-0.383737,2.00
8220,119,-0.101181,1.00
8240,120,-0.096521,0.00
8260,119,0.095871,1.00
8279,122,-0.304463,-2.00
8299,123,-0.097697,-3.00
8319,127,-0.387265,-7.00
8338,128,-0.104710,-8.00
8358,122,0.574695,-2.00
8377,127,-0.508529,-7.00
8397,124,0.285910,-4.00
8417,124,-0.002090,-4.00
8436,123,0.099355,-3.00
8456,127,-0.387266,-7.00
8476,126,0.093126,-6.00
8495,127,-0.104319,-7.00
8515,128,-0.099659,-8.00
8534,130,-0.206548,-10.00
8554,129,0.091949,-9.00
8574,134,-0.486012,-14.00
8593,131,0.298322,-11.00
8613,136,-0.486797,-16.00
8633,131,0.475163,-11.00
8652,131,-0.004837,-11.00
8672,134,-0.294014,-14.00
8692,132,0.186770,-12.00
8711,134,-0.208120,-14.00
8731,136,-0.198799,-16.00
8751,139,-0.295976,-19.00
8770,137,0.194913,-17.00
8790,135,0.185591,-15.00
8810,139,-0.391977,-19.00
8829,137,0.194911,-17.00
8849,135,0.185590,-15.00
8869,133,0.186373,-13.00
8888,137,-0.411406,-17.00
8908,134,0.281980,-14.00
8927,134,-0.006020,-14.00
8947,137,-0.295197,-17.00
8967,135,0.185587,-15.00
8987,137,-0.199198,-17.00
9006,136,0.094246,-16.00
9026,133,0.282369,-13.00
9046,133,-0.005631,-13.00
9065,134,-0.107076,-14.00
9085,135,-0.102416,-15.00
9105,136,-0.102808,-16.00
9124,135,0.094636,-15.00
9144,134,0.089975,-14.00
9163,136,-0.208915,-16.00
9183,133,0.282366,-13.00
9203,135,-0.198419,-15.00
9223,133,0.186365,-13.00
9242,134,-0.107080,-14.00
9262,136,-0.198812,-16.00
9281,136,-0.006813,-16.00
9301,134,0.185971,-14.00
9321,135,-0.102422,-15.00
9341,131,0.379146,-11.00
9360,136,-0.512078,-16.00
9380,131,0.475145,-11.00
9400,133,-0.197639,-13.00
9419,138,-0.512863,-18.00
9439,132,0.570752,-12.00
9459,137,-0.487209,-17.00
9478,134,0.297125,-14.00
9498,132,0.186751,-12.00
9517,132,-0.005250,-12.00
9537,132,-0.005250,-12.00
9557,132,-0.005251,-12.00
9577,133,-0.101643,-13.00
9596,133,-0.005643,-13.00
9616,133,-0.005644,-13.00
9636,133,-0.005644,-13.00
9655,132,0.095800,-12.00
9675,134,-0.198037,-14.00
9694,133,0.095407,-13.00
9714,132,0.090746,-12.00
9734,133,-0.101646,-13.00
9753,134,-0.107091,-14.00
9773,133,0.090353,-13.00
9793,130,0.283529,-10.00
9812,129,0.096973,-9.00
9832,133,-0.389648,-13.00
9852,129,0.379920,-9.00
9871,133,-0.409859,-13.00
9891,133,-0.005649,-13.00
9910,131,0.197240,-11.00
9930,133,-0.197650,-13.00
9950,131,0.187134,-11.00
9969,131,-0.004867,-11.00
9989,134,-0.294043,-14.00
10009,132,0.186741,-12.00
10028,130,0.197630,-10.00
10048,133,-0.293652,-13.00
10068,133,-0.005653,-13.00
10087,135,-0.208542,-15.00
10107,134,0.089955,-14.00
10127,133,0.090346,-13.00
10146,132,0.095790,-12.00
10166,129,0.283913,-9.00
10186,132,-0.293263,-12.00
10205,129,0.299071,-9.00
10225,132,-0.293264,-12.00
10245,129,0.283912,-9.00
10264,131,-0.206977,-11.00
10284,133,-0.197657,-13.00
10304,130,0.283519,-10.00
10323,133,-0.308815,-13.00
10343,128,0.476302,-8.00
10363,131,-0.292874,-11.00
10382,130,0.096570,-10.00
10402,129,0.091909,-9.00
10421,131,-0.206980,-11.00
10441,129,0.187909,-9.00
10461,130,-0.100483,-10.00
10480,130,-0.004484,-10.00
10500,131,-0.100876,-11.00
10520,127,0.380692,-7.00
10539,130,-0.307643,-10.00
10559,130,-0.004485,-10.00
10578,132,-0.207375,-12.00
10598,132,-0.005270,-12.00
10618,131,0.091122,-11.00
10637,129,0.198011,-9.00
10657,129,-0.004095,-9.00
10677,131,-0.196879,-11.00
10696,130,0.096565,-10.00
10716,130,-0.004488,-10.00
10736,130,-0.004488,-10.00
10755,129,0.096956,-9.00
10775,129,-0.004097,-9.00
10795,127,0.188687,-7.00
10814,129,-0.206202,-9.00
10834,128,0.092295,-8.00
10853,128,-0.003706,-8.00
10873,128,-0.003706,-8.00
10893,125,0.285470,-5.00
10912,128,-0.306864,-8.00
10932,130,-0.196490,-10.00
10951,127,0.299843,-7.00
10971,127,-0.003315,-7.00
10991,127,-0.003315,-7.00
11010,126,0.098129,-6.00
11030,129,-0.292100,-9.00
11050,124,0.477860,-4.00
11069,128,-0.407919,-8.00
11089,125,0.285468,-5.00
11109,124,0.093860,-4.00
11128,125,-0.103585,-5.00
11148,123,0.190251,-3.00
11167,124,-0.103193,-4.00
11187,123,0.094251,-3.00
11207,125,-0.194533,-5.00
11226,123,0.200356,-3.00
11246,126,-0.290925,-6.00
11266,121,0.479035,-1.00
11285,124,-0.305299,-4.00
11305,123,0.094251,-3.00
11325,122,0.094642,-2.00
11344,125,-0.305692,-5.00
11364,122,0.286642,-2.00
11383,124,-0.204247,-4.00
11403,120,0.383426,0.00
11422,119,0.100871,1.00
11442,124,-0.482142,-4.00
11462,121,0.287034,-1.00
11481,124,-0.305300,-4.00
11501,123,0.094250,-3.00
11520,120,0.302584,0.00
11540,122,-0.193358,-2.00
11560,123,-0.097750,-3.00
11579,121,0.201139,-1.00
11599,121,-0.000966,-1.00
11618,121,-0.000966,-1.00
11638,120,0.095426,0.00
11658,123,-0.289751,-3.00
11677,122,0.099694,-2.00
11697,121,0.095033,-1.00
11717,123,-0.193751,-3.00
11736,120,0.302583,0.00
11756,122,-0.193359,-2.00
11775,123,-0.102804,-3.00
11795,121,0.191033,-1.00
11814,120,0.100478,0.00
11834,121,-0.096967,-1.00
11854,122,-0.097359,-2.00
11873,122,-0.001359,-2.00
11893,124,-0.194143,-4.00
11912,125,-0.103588,-5.00
11932,121,0.383033,-1.00
11952,121,-0.000967,-1.00
11971,118,0.303367,2.00
11991,121,-0.288967,-1.00
12010,122,-0.102412,-2.00
12030,123,-0.097752,-3.00
12049,120,0.302582,0.00
12069,119,0.095816,1.00
12089,125,-0.578536,-5.00
12108,121,0.403243,-1.00
12128,117,0.384600,3.00
12147,125,-0.810957,-5.00
12167,120,0.479424,0.00
12186,119,0.100869,1.00
12206,118,0.096208,2.00
12225,122,-0.405570,-2.00
12245,119,0.287816,1.00
12265,117,0.192600,3.00
12284,117,0.000600,3.00
12304,120,-0.288576,0.00
12324,120,-0.000576,0.00
12343,123,-0.304909,-3.00
12363,123,-0.001752,-3.00
12382,120,0.302582,0.00
12402,116,0.384992,4.00
12422,120,-0.384576,0.00
12442,116,0.384993,4.00
12461,119,-0.303341,1.00
12481,120,-0.096575,0.00
12501,119,0.095817,1.00
12520,120,-0.101628,0.00
12540,120,-0.000575,0.00
12559,120,-0.000575,0.00
12579,120,-0.000575,0.00
12599,120,-0.000575,0.00
12618,117,0.303759,3.00
12638,117,0.000601,3.00
12658,119,-0.192183,1.00
12677,121,-0.203072,-1.00
12697,121,-0.000967,-1.00
12717,120,0.095425,0.00
12736,119,0.100869,1.00
12756,120,-0.096575,0.00
12776,123,-0.289751,-3.00
12795,120,0.302583,0.00
12815,119,0.095817,1.00
12835,125,-0.578535,-5.00
12854,120,0.504688,0.00
12874,116,0.384993,4.00
12893,126,-1.013454,-6.00
12913,124,0.189856,-4.00
12933,122,0.190640,-2.00
12952,116,0.607308,4.00
12972,120,-0.384576,0.00
12992,121,-0.096968,-1.00
13011,118,0.303366,2.00
13031,121,-0.288968,-1.00
13051,121,-0.000968,-1.00
13070,116,0.506256,4.00
13090,122,-0.577360,-2.00
13110,123,-0.097752,-3.00
13129,121,0.201138,-1.00
13149,124,-0.290144,-4.00
13168,124,-0.002144,-4.00
13188,120,0.383424,0.00
13208,124,-0.386144,-4.00
13227,120,0.403635,0.00
13247,125,-0.482536,-5.00
13267,124,0.093856,-4.00
13286,125,-0.103589,-5.00
13306,123,0.190247,-3.00
13325,121,0.201137,-1.00
13345,126,-0.482929,-6.00
13365,123,0.286247,-3.00
13384,124,-0.103198,-4.00
13404,123,0.094247,-3.00
13423,123,-0.001753,-3.00
13443,124,-0.098145,-4.00
13463,125,-0.098537,-5.00
13482,121,0.403241,-1.00
13502,125,-0.386538,-5.00
13521,124,0.098907,-4.00
13541,122,0.190638,-2.00
13561,126,-0.386930,-6.00
13580,122,0.402848,-2.00
13600,124,-0.194146,-4.00
13619,125,-0.103591,-5.00
13639,122,0.286638,-2.00
13659,123,-0.097755,-3.00
13678,123,-0.001755,-3.00
13698,122,0.094637,-2.00
13718,122,-0.001363,-2.00
13737,121,0.100082,-1.00
13757,123,-0.193755,-3.00
13776,119,0.404024,1.00
13796,121,-0.192971,-1.00
13816,121,-0.000971,-1.00
13835,123,-0.203860,-3.00
13855,122,0.094637,-2.00
13874,124,-0.204252,-4.00
13894,119,0.479813,1.00
13914,125,-0.578539,-5.00
13933,120,0.504684,0.00
13953,121,-0.096971,-1.00
13972,121,-0.000971,-1.00
13992,122,-0.097363,-2.00
14012,121,0.095029,-1.00
14031,124,-0.305305,-4.00
14051,119,0.479812,1.00
14070,126,-0.710300,-6.00
14090,121,0.479028,-1.00
14110,122,-0.097364,-2.00
14129,119,0.302970,1.00
14149,120,-0.096580,0.00
14169,120,-0.000580,0.00
14188,120,-0.000580,0.00
14208,119,0.095812,1.00
14227,121,-0.203077,-1.00
14247,121,-0.000972,-1.00
14266,119,0.201917,1.00
14286,118,0.096204,2.00
14305,121,-0.304130,-1.00
14325,117,0.384596,3.00
14345,118,-0.095796,2.00
14364,120,-0.202685,0.00
14384,117,0.288596,3.00
14403,117,0.000597,3.00
14423,119,-0.192187,1.00
14443,116,0.288989,4.00
14462,116,0.000989,4.00
14482,118,-0.191795,2.00
14502,118,0.000205,2.00
14521,111,0.710318,9.00
14541,114,-0.286227,6.00
14561,114,0.001774,6.00
14580,116,-0.201116,4.00
14600,113,0.290166,7.00
14619,114,-0.099278,6.00
14639,111,0.290950,9.00
14659,108,0.292127,12.00
14678,109,-0.097317,11.00
14698,108,0.100128,12.00
14718,107,0.100520,13.00
14737,108,-0.096924,12.00
14757,106,0.196913,14.00
14777,102,0.390481,18.00
14796,99,0.310816,21.00
14816,103,-0.377909,17.00
14836,100,0.295267,20.00
14855,97,0.311602,23.00
14875,100,-0.280731,20.00
14895,98,0.200053,22.00
14914,96,0.210943,24.00
14934,96,0.008839,24.00
14953,93,0.313173,27.00
14973,93,0.010016,27.00
14993,89,0.395585,31.00
15012,92,-0.292748,28.00
15032,92,0.010411,28.00
15052,91,0.106804,29.00
15071,92,-0.090640,28.00
15091,93,-0.085978,27.00
15111,92,0.106415,28.00
15130,93,-0.091029,27.00
15150,92,0.106416,28.00
15170,91,0.106809,29.00
15189,90,0.112255,30.00
15209,100,-0.952717,20.00
15229,96,0.392852,24.00
15248,95,0.110297,25.00
15268,96,-0.087147,24.00
15288,95,0.105246,25.00
15307,97,-0.193643,23.00
15327,98,-0.087929,22.00
15347,99,-0.088320,21.00
15366,102,-0.296653,18.00
15386,102,0.006505,18.00
15406,106,-0.379062,14.00
15425,102,0.410717,18.00
15445,108,-0.571845,12.00
15464,103,0.511378,17.00
15484,106,-0.283060,14.00
15504,106,0.004940,14.00
15523,108,-0.197949,12.00
15543,109,-0.092235,11.00
15563,113,-0.381803,7.00
15582,112,0.103642,8.00
15602,113,-0.093803,7.00
15621,114,-0.099247,6.00
15641,117,-0.287370,3.00
15661,117,0.000630,3.00
15680,118,-0.100815,2.00
15700,120,-0.192546,0.00
15720,122,-0.193330,-2.00
15740,119,0.287846,1.00
15759,119,-0.000154,1.00
15779,124,-0.482114,-4.00
15798,124,-0.002114,-4.00
15818,124,-0.002115,-4.00
15837,122,0.200775,-2.00
15857,124,-0.194115,-4.00
15877,125,-0.098507,-5.00
15896,127,-0.205396,-7.00
15916,129,-0.196075,-9.00
15936,130,-0.100468,-10.00
15955,132,-0.207357,-12.00
15975,129,0.283924,-9.00
15995,133,-0.389645,-13.00
16014,135,-0.208535,-15.00
16034,134,0.089962,-14.00
16054,136,-0.198822,-16.00
16073,138,-0.209712,-18.00
16093,136,0.185177,-16.00
16112,134,0.196066,-14.00
16132,136,-0.198824,-16.00
16152,134,0.185959,-14.00
16172,135,-0.102433,-15.00
16191,138,-0.310768,-18.00
16211,138,-0.007610,-18.00
16231,138,-0.007611,-18.00
16250,137,0.093833,-17.00
16270,137,-0.007220,-17.00
16290,136,0.089172,-16.00
16309,136,-0.006829,-16.00
16329,134,0.185955,-14.00
16349,135,-0.102438,-15.00
16368,135,-0.006438,-15.00
16388,134,0.089953,-14.00
16408,135,-0.102439,-15.00
16427,131,0.399339,-11.00
16447,131,-0.004872,-11.00
16466,133,-0.207762,-13.00
16486,130,0.283519,-10.00
16506,129,0.091911,-9.00
16525,130,-0.105534,-10.00
16545,130,-0.004482,-10.00
16565,128,0.188302,-8.00
16584,127,0.097747,-7.00
16604,128,-0.099698,-8.00
16624,124,0.381870,-4.00
16643,122,0.200759,-2.00
16663,120,0.191438,0.00
16682,119,0.100882,1.00
16702,118,0.096222,2.00
16722,120,-0.192562,0.00
16741,116,0.405216,4.00
16761,121,-0.480954,-1.00
16780,120,0.100490,0.00
16800,116,0.385006,4.00
16820,118,-0.191778,2.00
16839,114,0.406001,6.00
16859,111,0.290966,9.00
16879,108,0.292143,12.00
16898,111,-0.300191,9.00
16918,110,0.099359,10.00
16938,109,0.099752,11.00
16957,108,0.105197,12.00
16977,106,0.196929,14.00
16997,105,0.101321,15.00
17016,102,0.309655,18.00
17036,102,0.006498,18.00
17056,101,0.102891,19.00
17075,98,0.311225,22.00
17095,100,-0.184716,20.00
17115,103,-0.281891,17.00
17134,101,0.208998,19.00
17154,101,0.006894,19.00
17173,99,0.209784,21.00
17193,98,0.104071,22.00
17213,100,-0.184712,20.00
17232,100,0.007288,20.00
17252,96,0.392857,24.00
17272,98,-0.183926,22.00
17291,101,-0.296259,19.00
17311,100,0.103291,20.00
17331,103,-0.281884,17.00
17350,106,-0.298218,14.00
17370,102,0.390509,18.00
17389,100,0.209398,20.00
17409,104,-0.378274,16.00
17429,105,-0.090666,15.00
17449,107,-0.187449,13.00
17468,103,0.410330,17.00
17488,106,-0.283056,14.00
17508,109,-0.284232,11.00
17527,109,0.003768,11.00
17547,110,-0.092623,10.00
17567,108,0.196161,12.00
17586,106,0.207051,14.00
17606,111,-0.477014,9.00
17625,110,0.104431,10.00
17645,110,0.003378,10.00
17665,111,-0.093013,9.00
17684,110,0.104432,10.00
17704,111,-0.093013,9.00
17724,114,-0.286189,6.00
17743,114,0.001812,6.00
17763,115,-0.094580,5.00
17783,111,0.386988,9.00
17802,112,-0.098456,8.00
17822,117,-0.479364,3.00
17841,116,0.102081,4.00
17861,112,0.386597,8.00
17881,115,-0.286579,5.00
17901,114,0.097813,6.00
17920,115,-0.099631,5.00
17940,116,-0.094971,4.00
17960,115,0.097422,5.00
17979,116,-0.100023,4.00
17999,118,-0.191754,2.00
18019,118,0.000246,2.00
18038,121,-0.304088,-1.00
18058,115,0.577422,5.00
18077,119,-0.404357,1.00
18097,122,-0.289322,-2.00
18117,117,0.480638,3.00
18136,122,-0.506585,-2.00
18156,120,0.191462,0.00
18176,124,-0.386106,-4.00
18195,128,-0.407885,-8.00
18215,122,0.574677,-2.00
18235,122,-0.001323,-2.00
18254,120,0.201567,0.00
18274,124,-0.386107,-4.00
18293,124,-0.002107,-4.00
18313,123,0.094285,-3.00
18333,125,-0.194499,-5.00
18352,126,-0.103944,-6.00
18372,124,0.189893,-4.00
18392,127,-0.291284,-7.00
18411,124,0.301050,-4.00
18431,126,-0.194892,-6.00
18450,126,-0.002892,-6.00
18470,127,-0.099284,-7.00
18490,126,0.093107,-6.00
18509,129,-0.307227,-9.00
18529,128,0.092323,-8.00
18549,129,-0.100069,-9.00
18568,129,-0.004070,-9.00
18588,129,-0.004070,-9.00
18608,125,0.381498,-5.00
18627,128,-0.306836,-8.00
18647,127,0.092713,-7.00
18666,128,-0.104731,-8.00
18686,127,0.092713,-7.00
18706,129,-0.196071,-9.00
18725,128,0.097373,-8.00
18745,128,-0.003680,-8.00
18765,125,0.285496,-5.00
18784,128,-0.306838,-8.00
18804,128,-0.003680,-8.00
18823,126,0.199209,-6.00
18843,128,-0.195681,-8.00
18863,127,0.092711,-7.00
18882,129,-0.206179,-9.00
18902,128,0.092318,-8.00
18922,127,0.092710,-7.00
18941,125,0.199599,-5.00
18961,127,-0.195290,-7.00
18980,128,-0.104735,-8.00
19000,129,-0.100075,-9.00
19019,124,0.503148,-4.00
19039,125,-0.098507,-5.00
19059,127,-0.195291,-7.00
19078,124,0.301042,-4.00
19098,128,-0.387684,-8.00
19118,125,0.285492,-5.00
19137,127,-0.205397,-7.00
19157,125,0.189492,-5.00
19176,124,0.098936,-4.00
19196,124,-0.002116,-4.00
19216,124,-0.002117,-4.00
19235,121,0.302217,-1.00
19255,125,-0.386509,-5.00
19275,125,-0.002509,-5.00
19294,126,-0.103954,-6.00
19314,123,0.286275,-3.00
19333,126,-0.306059,-6.00
19353,123,0.286275,-3.00
19373,123,-0.001726,-3.00
19392,122,0.099719,-2.00
19412,120,0.191450,0.00
19432,120,-0.000550,0.00
19451,122,-0.203439,-2.00
19471,124,-0.194118,-4.00
19490,120,0.403661,0.00
19510,119,0.095842,1.00
19529,121,-0.203047,-1.00
19549,116,0.481018,4.00
19569,118,-0.191766,2.00
19588,118,0.000234,2.00
19608,117,0.096627,3.00
19627,120,-0.303707,0.00
19647,119,0.095843,1.00
19667,116,0.289019,4.00
19686,117,-0.100426,3.00
19706,114,0.289803,6.00
19726,112,0.194587,8.00
19745,110,0.205477,10.00
19765,113,-0.285804,7.00
19785,111,0.194980,9.00
19804,109,0.205870,11.00
19824,108,0.100157,12.00
19844,107,0.100549,13.00
19863,103,0.410328,17.00
19883,105,-0.186666,15.00
19903,101,0.390903,19.00
19922,99,0.209793,21.00
19942,98,0.104080,22.00
19961,98,0.008081,22.00
19981,98,0.008081,22.00
20001,96,0.200866,24.00
20020,96,0.008867,24.00
20040,95,0.105260,25.00
20060,95,0.009261,25.00
20080,94,0.105653,26.00
20099,94,0.009654,26.00
20119,94,0.009655,26.00
20138,90,0.415434,30.00
20158,93,-0.277951,27.00
20178,93,0.010050,27.00
20197,94,-0.091394,26.00
20217,92,0.202443,28.00
20237,95,-0.278732,25.00
20256,91,0.415048,29.00
20276,94,-0.278338,26.00
20295,92,0.212552,28.00
20315,93,-0.085944,27.00
20335,93,0.010056,27.00
20354,96,-0.294277,24.00
20374,96,0.008882,24.00
20394,98,-0.183901,22.00
20414,95,0.297275,25.00
20433,99,-0.396502,21.00
20453,99,0.007709,21.00
20473,99,0.007709,21.00
20492,100,-0.093735,20.00
20512,101,-0.089073,19.00
20531,99,0.209817,21.00
20551,104,-0.474248,16.00
20571,102,0.198536,18.00
20590,103,-0.094908,17.00
20610,104,-0.090247,16.00
20630,110,-0.572598,10.00
20649,109,0.104847,11.00
20669,110,-0.092598,10.00
20689,111,-0.092989,9.00
20708,111,0.003011,9.00
20728,110,0.099403,10.00
20747,111,-0.098041,9.00
20767,112,-0.093380,8.00
20787,112,0.002620,8.00
20807,114,-0.190164,6.00
20826,116,-0.201053,4.00
20846,118,-0.191732,2.00
20866,114,0.385837,6.00
20885,121,-0.708276,-1.00
20905,118,0.288269,2.00
20924,116,0.203158,4.00
20944,118,-0.191731,2.00
20964,118,0.000269,2.00
20983,118,0.000269,2.00
21003,121,-0.288907,-1.00
21023,123,-0.193691,-3.00
21042,118,0.505532,2.00
21062,123,-0.481691,-3.00
21081,123,-0.001691,-3.00
21101,121,0.191093,-1.00
21121,120,0.095485,0.00
21140,121,-0.101960,-1.00
21160,120,0.095485,0.00
21180,122,-0.193299,-2.00
21199,125,-0.305633,-5.00
21219,125,-0.002476,-5.00
21239,125,-0.002476,-5.00
21258,124,0.098969,-4.00
21278,125,-0.098476,-5.00
21297,128,-0.306810,-8.00
21317,126,0.189131,-6.00
21337,126,-0.002869,-6.00
21356,125,0.098576,-5.00
21376,127,-0.195261,-7.00
21396,126,0.093131,-6.00
21415,126,-0.002870,-6.00
21435,128,-0.195654,-8.00
21454,127,0.097791,-7.00
21474,131,-0.388830,-11.00
21494,129,0.187953,-9.00
21513,131,-0.206936,-11.00
21533,129,0.187953,-9.00
21553,128,0.092344,-8.00
21572,129,-0.105100,-9.00
21592,128,0.092344,-8.00
21611,127,0.097788,-7.00
21631,126,0.093128,-6.00
21650,125,0.098572,-5.00
21670,129,-0.388049,-9.00
21690,126,0.285127,-6.00
21709,127,-0.104318,-7.00
21729,130,-0.292442,-10.00
21749,128,0.188342,-8.00
21768,131,-0.307992,-11.00
21788,130,0.091557,-10.00
21807,126,0.401336,-6.00
21827,130,-0.388443,-10.00
21847,127,0.284733,-7.00
21866,127,-0.003267,-7.00
21886,127,-0.003268,-7.00
21906,126,0.093124,-6.00
21925,127,-0.104321,-7.00
21945,127,-0.003268,-7.00
21964,129,-0.206158,-9.00
21984,127,0.188731,-7.00
22004,126,0.093123,-6.00
22023,130,-0.408656,-10.00
22043,128,0.188338,-8.00
22063,126,0.189122,-6.00
22082,125,0.098567,-5.00
22102,127,-0.195270,-7.00
22122,125,0.189514,-5.00
22141,124,0.098958,-4.00
22161,127,-0.291271,-7.00
22180,130,-0.307605,-10.00
22200,127,0.284729,-7.00
22220,127,-0.003271,-7.00
22239,130,-0.307606,-10.00
22259,130,-0.004448,-10.00
22279,130,-0.004448,-10.00
22298,127,0.299885,-7.00
22318,129,-0.196057,-9.00
22337,130,-0.105502,-10.00
22357,129,0.091943,-9.00
22377,127,0.188726,-7.00
22396,129,-0.206163,-9.00
22416,129,-0.004058,-9.00
22435,127,0.198831,-7.00
22455,127,-0.003275,-7.00
22475,128,-0.099667,-8.00
22494,128,-0.003667,-8.00
22514,129,-0.100059,-9.00
22533,129,-0.004060,-9.00
22553,129,-0.004060,-9.00
22573,127,0.188724,-7.00
22592,130,-0.307610,-10.00
22612,127,0.284723,-7.00
22632,131,-0.388845,-11.00
22651,125,0.603823,-5.00
22671,127,-0.195277,-7.00
22691,128,-0.099670,-8.00
22710,129,-0.105115,-9.00
22730,130,-0.100454,-10.00
22749,128,0.198435,-8.00
22769,126,0.189113,-6.00
22789,130,-0.388455,-10.00
22808,130,-0.004455,-10.00
22828,129,0.091936,-9.00
22848,128,0.092328,-8.00
22867,129,-0.105117,-9.00
22887,130,-0.100457,-10.00
22907,129,0.091935,-9.00
22926,127,0.198824,-7.00
22946,128,-0.099673,-8.00
22965,126,0.199216,-6.00
22985,129,-0.292066,-9.00
23005,129,-0.004066,-9.00
23024,129,-0.004066,-9.00
23044,127,0.188717,-7.00
23063,129,-0.206172,-9.00
23083,126,0.285109,-6.00
23102,128,-0.205781,-8.00
23122,125,0.285501,-5.00
23142,127,-0.195284,-7.00
23161,125,0.199605,-5.00
23181,125,-0.002500,-5.00
23201,126,-0.098892,-6.00
23220,123,0.301442,-3.00
23240,125,-0.194500,-5.00
23259,124,0.098944,-4.00
23279,121,0.287067,-1.00
23299,123,-0.193717,-3.00
23318,124,-0.103161,-4.00
23338,121,0.287067,-1.00
23358,123,-0.193717,-3.00
23377,123,-0.001717,-3.00
23397,121,0.191067,-1.00
23417,122,-0.097325,-2.00
23436,118,0.404454,2.00
23456,119,-0.096149,1.00
23475,119,-0.000149,1.00
23495,120,-0.096541,0.00
23514,124,-0.406320,-4.00
23534,117,0.672635,3.00
23554,115,0.193419,5.00
23573,114,0.102864,6.00
23593,115,-0.094580,5.00
23613,113,0.194204,7.00
23632,115,-0.200685,5.00
23652,110,0.483380,10.00
23672,114,-0.382188,6.00
23691,108,0.610481,12.00
23711,107,0.100557,13.00
23731,102,0.486518,18.00
23750,103,-0.094926,17.00
23770,100,0.295303,20.00
23789,98,0.210193,22.00
23809,98,0.008088,22.00
23829,94,0.393657,26.00
23848,96,-0.193231,24.00
23868,94,0.201659,26.00
23888,89,0.491620,31.00
23908,92,-0.277555,28.00
23927,89,0.314779,31.00
23947,86,0.300799,34.00
23966,84,0.215689,36.00
23986,86,-0.179199,34.00
24006,84,0.205586,36.00
24025,85,-0.087858,35.00
24045,81,0.398764,39.00
24064,83,-0.188124,37.00
24084,81,0.206767,39.00
24104,79,0.207552,41.00
24123,82,-0.288781,38.00
24143,81,0.110770,39.00
24162,80,0.116216,40.00
24182,80,0.015165,40.00
24202,80,0.015166,40.00
24221,79,0.116612,41.00
24241,80,-0.080831,40.00
24261,80,0.015170,40.00
24280,82,-0.187718,38.00
24300,80,0.207172,40.00
24319,81,-0.086271,39.00
24339,79,0.207567,41.00
24358,83,-0.390211,37.00
24378,77,0.592353,43.00
24397,82,-0.490869,38.00
24417,81,0.110788,39.00
24437,82,-0.081603,38.00
24456,82,0.014398,38.00
24476,83,-0.081993,37.00
24496,85,-0.178776,35.00
24515,85,0.013226,35.00
24535,85,0.013227,35.00
24555,87,-0.179556,33.00
24574,89,-0.190445,31.00
24594,90,-0.084730,30.00
24613,89,0.112715,31.00
24633,93,-0.373905,27.00
24653,91,0.202880,29.00
24672,94,-0.293453,26.00
24692,93,0.106098,27.00
24712,96,-0.279077,24.00
24731,94,0.211813,26.00
24751,97,-0.279468,23.00
24771,99,-0.184251,21.00
24790,98,0.109194,22.00
24810,102,-0.377426,18.00
24829,103,-0.094870,17.00
24849,107,-0.379385,13.00
24869,107,0.004616,13.00
24889,108,-0.091776,12.00
24908,111,-0.300110,9.00
24928,109,0.195833,11.00
24948,111,-0.188951,9.00
24967,109,0.205938,11.00
24987,114,-0.478127,6.00
25007,116,-0.190911,4.00
25026,115,0.102534,5.00
25046,112,0.290658,8.00
25065,115,-0.301676,5.00
25085,116,-0.094910,4.00
25105,118,-0.191694,2.00
25124,114,0.406085,6.00
25144,120,-0.576478,0.00
25164,118,0.192306,2.00
25183,123,-0.506917,-3.00
25203,119,0.383914,1.00
25223,122,-0.289262,-2.00
25242,119,0.303072,1.00
25262,121,-0.192870,-1.00
25282,119,0.191914,1.00
25301,123,-0.405864,-3.00
25321,119,0.383914,1.00
25341,120,-0.096478,0.00
25360,119,0.100967,1.00
25380,121,-0.192870,-1.00
25400,121,-0.000870,-1.00
25419,120,0.100575,0.00
25439,119,0.095914,1.00
25459,123,-0.385654,-3.00
25478,118,0.505569,2.00
25498,124,-0.578046,-4.00
25517,122,0.200843,-2.00
25537,123,-0.097654,-3.00
25557,122,0.094738,-2.00
25576,121,0.100183,-1.00
25596,117,0.384698,3.00
25616,121,-0.384870,-1.00
25635,121,-0.000870,-1.00
25655,121,-0.000870,-1.00
25675,121,-0.000870,-1.00
25694,119,0.202019,1.00
25714,122,-0.289262,-2.00
25734,119,0.287914,1.00
25753,123,-0.405865,-3.00
25773,123,-0.001654,-3.00
25793,121,0.191130,-1.00
25812,121,-0.000870,-1.00
25832,126,-0.482831,-6.00
25852,125,0.093561,-5.00
25871,121,0.403340,-1.00
25891,118,0.288305,2.00
25910,120,-0.202584,0.00
25930,117,0.288697,3.00
25950,119,-0.192087,1.00
25969,124,-0.507310,-4.00
25989,118,0.576305,2.00
26009,119,-0.096087,1.00
26028,115,0.405692,5.00
26048,121,-0.576870,-1.00
26068,116,0.481090,4.00
26087,116,0.001090,4.00
26107,116,0.001090,4.00
26127,118,-0.191694,2.00
26146,112,0.608974,8.00
26166,118,-0.575694,2.00
26186,113,0.482267,7.00
26205,114,-0.099178,6.00
26225,115,-0.094517,5.00
26245,113,0.194267,7.00
26264,112,0.103712,8.00
26284,112,0.002660,8.00
26303,108,0.408438,12.00
26323,110,-0.188556,10.00
26343,108,0.196229,12.00
26362,110,-0.198660,10.00
26382,110,0.003445,10.00
26402,108,0.196230,12.00
26422,106,0.197014,14.00
26441,103,0.309349,17.00
26461,104,-0.090201,16.00
26481,100,0.391368,20.00
26500,99,0.108813,21.00
26520,101,-0.185023,19.00
26539,99,0.209867,21.00
26559,98,0.104154,22.00
26579,100,-0.184629,20.00
26598,96,0.413150,24.00
26618,99,-0.280236,21.00
26638,97,0.200549,23.00
26657,95,0.211439,25.00
26677,97,-0.183449,23.00
26696,99,-0.194338,21.00
26716,95,0.393336,25.00
26736,95,0.009337,25.00
26755,94,0.110782,26.00
26775,98,-0.375838,22.00
26795,100,-0.184621,20.00
26815,96,0.392948,24.00
26834,99,-0.295385,21.00
26854,102,-0.281403,18.00
26873,100,0.209487,20.00
26893,101,-0.089010,19.00
26913,102,-0.089401,18.00
26933,99,0.295775,21.00
26952,101,-0.195113,19.00
26972,104,-0.282183,16.00
26991,101,0.310151,19.00
27011,103,-0.185790,17.00
27031,106,-0.282966,14.00
27050,100,0.613703,20.00
27070,104,-0.378181,16.00
27090,103,0.102212,17.00
27109,104,-0.095232,16.00
27129,103,0.102213,17.00
27149,105,-0.186571,15.00
27168,102,0.309764,18.00
27188,106,-0.378962,14.00
27207,103,0.309373,17.00
27227,105,-0.186569,15.00
27247,102,0.294608,18.00
27266,106,-0.399170,14.00
27286,108,-0.187743,12.00
27306,103,0.486217,17.00
27325,106,-0.298116,14.00
27345,106,0.005042,14.00
27365,102,0.390611,18.00
27384,106,-0.399167,14.00
27404,106,0.005044,14.00
27424,105,0.101436,15.00
27444,104,0.101829,16.00
27463,105,-0.095616,15.00
27483,106,-0.090955,14.00
27503,107,-0.091346,13.00
27522,105,0.207544,15.00
27542,102,0.294615,18.00
27561,107,-0.500608,13.00
27581,102,0.486616,18.00
27601,103,-0.089776,17.00
27620,106,-0.298109,14.00
27640,103,0.294225,17.00
27660,105,-0.186558,15.00
27679,105,0.005442,15.00
27699,104,0.101835,16.00
27718,104,0.005835,16.00
27738,103,0.102228,17.00
27758,101,0.199012,19.00
27777,104,-0.297321,16.00
27797,105,-0.090555,15.00
27817,106,-0.090946,14.00
27837,104,0.197838,16.00
27856,103,0.107284,17.00
27876,103,0.006231,17.00
27896,105,-0.186552,15.00
27915,103,0.208338,17.00
27935,105,-0.186551,15.00
27954,105,0.005449,15.00
27974,103,0.198234,17.00
27994,105,-0.186550,15.00
28013,105,0.005451,15.00
28033,103,0.198235,17.00
28053,105,-0.186548,15.00
28072,106,-0.095992,14.00
28092,105,0.101453,15.00
28111,102,0.309787,18.00
28131,103,-0.089762,17.00
28151,105,-0.186546,15.00
28170,104,0.106899,16.00
28190,106,-0.186937,14.00
28210,102,0.390632,18.00
28229,104,-0.196257,16.00
28249,104,0.005849,16.00
28269,105,-0.090543,15.00
28289,103,0.198242,17.00
28308,103,0.006242,17.00
28328,101,0.199027,19.00
28348,105,-0.378541,15.00
28367,106,-0.095985,14.00
28387,102,0.390636,18.00
28406,102,0.006637,18.00
28426,99,0.295814,21.00
28446,104,-0.474146,16.00
28465,105,-0.095590,15.00
28485,103,0.198247,17.00
28505,102,0.102640,18.00
28524,104,-0.196249,16.00
28544,104,0.005857,16.00
28564,105,-0.090535,15.00
28583,99,0.614134,21.00
28603,99,0.007819,21.00
28623,104,-0.474141,16.00
28642,103,0.107304,17.00
28662,99,0.391820,21.00
28682,104,-0.474139,16.00
28701,103,0.107306,17.00
28721,101,0.199038,19.00
28741,102,-0.089354,18.00
28760,102,0.006647,18.00
28780,103,-0.089744,17.00
28799,100,0.310590,20.00
28819,97,0.296609,23.00
28839,103,-0.569743,17.00
28858,105,-0.196631,15.00
28878,100,0.487435,20.00
28898,105,-0.474525,15.00
28917,104,0.106920,16.00
28937,103,0.102260,17.00
28957,102,0.102653,18.00
28976,105,-0.297681,15.00
28996,104,0.101870,16.00
29016,103,0.102262,17.00
29035,102,0.107707,18.00
29055,103,-0.089737,17.00
29075,103,0.006264,17.00
29094,103,0.006264,17.00
29114,101,0.199049,19.00
29134,102,-0.089343,18.00
29153,104,-0.196231,16.00
29173,103,0.102267,17.00
29193,104,-0.090125,16.00
29212,103,0.107320,17.00
29232,105,-0.186516,15.00
29252,102,0.294661,18.00
29271,105,-0.297673,15.00
29291,104,0.101878,16.00
29310,105,-0.095567,15.00
29330,101,0.391055,19.00
29350,105,-0.378513,15.00
29369,105,0.005488,15.00
29389,106,-0.090904,14.00
29409,104,0.197881,16.00
29428,103,0.107326,17.00
29448,103,0.006274,17.00
29468,103,0.006274,17.00
29487,104,-0.095170,16.00
29507,104,0.005883,16.00
29527,102,0.198668,18.00
29546,105,-0.297666,15.00
29566,99,0.583845,21.00
29586,105,-0.570507,15.00
29605,106,-0.095951,14.00
29625,105,0.101494,15.00
29645,106,-0.090897,14.00
29664,104,0.207992,16.00
29684,105,-0.090504,15.00
29703,105,0.005496,15.00
29723,106,-0.090895,14.00
29743,106,0.005105,14.00
29762,105,0.106550,15.00
29782,107,-0.187286,13.00
29802,105,0.197498,15.00
29821,107,-0.197391,13.00
29841,104,0.293891,16.00
29861,105,-0.090500,15.00
29880,104,0.106945,16.00
29900,102,0.198677,18.00
29920,106,-0.378891,14.00
29939,104,0.207999,16.00
29959,104,0.005894,16.00
29979,105,-0.090497,15.00
29998,103,0.208393,17.00
30018,105,-0.186496,15.00
30038,105,0.005504,15.00
30057,104,0.106949,16.00
30077,107,-0.283279,13.00
30097,105,0.197506,15.00
30116,106,-0.095939,14.00
30136,106,0.005114,14.00
30155,105,0.106560,15.00
30175,105,0.005507,15.00
30195,107,-0.187276,13.00
30214,107,0.004724,13.00
30234,105,0.197509,15.00
30254,108,-0.283667,12.00
30274,108,0.004333,12.00
30293,105,0.308668,15.00
30313,106,-0.090882,14.00
30332,106,0.005119,14.00
30352,102,0.390687,18.00
30372,106,-0.378880,14.00
30391,103,0.309454,17.00
30411,106,-0.282879,14.00
30431,108,-0.187663,12.00
30450,104,0.410116,16.00
30470,108,-0.379662,12.00
30490,105,0.293515,15.00
30509,105,0.005515,15.00
30529,107,-0.187269,13.00
30548,105,0.207621,15.00
30568,108,-0.283660,12.00
30588,106,0.197125,14.00
30607,105,0.106570,15.00
30627,106,-0.090874,14.00
30647,108,-0.187658,12.00
30666,106,0.207232,14.00
30686,106,0.005127,14.00
30706,104,0.197911,16.00
30725,105,-0.095533,15.00
30745,108,-0.283656,12.00
30765,106,0.197129,14.00
30784,105,0.106574,15.00
30804,105,0.005522,15.00
30824,105,0.005522,15.00
30843,104,0.106967,16.00
30863,106,-0.186869,14.00
30883,104,0.197915,16.00
30902,103,0.107361,17.00
30922,106,-0.282868,14.00
30942,110,-0.380435,10.00
30961,108,0.206454,12.00
30981,106,0.197134,14.00
31001,108,-0.187650,12.00
31020,107,0.105795,13.00
31040,109,-0.188041,11.00
31059,108,0.105404,12.00
31079,107,0.100744,13.00
31099,108,-0.091648,12.00
31118,107,0.105797,13.00
31138,104,0.293921,16.00
31158,107,-0.283255,13.00
31177,106,0.106190,14.00
31197,109,-0.284038,11.00
31217,112,-0.285214,8.00
31236,107,0.510010,13.00
31256,110,-0.284429,10.00
31276,113,-0.285605,7.00
31295,110,0.306729,10.00
31315,113,-0.285604,7.00
31335,111,0.195180,9.00
31354,111,0.003180,9.00
31374,116,-0.478780,4.00
31394,114,0.194005,6.00
31413,114,0.002005,6.00
31433,114,0.002005,6.00
31452,115,-0.099440,5.00
31472,113,0.194397,7.00
31492,116,-0.286779,4.00
31511,111,0.508445,9.00
31531,119,-0.767954,1.00
31551,114,0.482006,6.00
31571,111,0.291182,9.00
31590,114,-0.301151,6.00
31610,116,-0.190777,4.00
31629,119,-0.303111,1.00
31649,120,-0.096345,0.00
31669,123,-0.289521,-3.00
31688,115,0.810036,5.00
31708,119,-0.383953,1.00
31728,118,0.096439,2.00
31747,120,-0.202451,0.00
31767,125,-0.482305,-5.00
31787,123,0.190478,-3.00
31806,122,0.099923,-2.00
31826,129,-0.675874,-9.00
31846,125,0.381694,-5.00
31865,125,-0.002306,-5.00
31885,128,-0.291482,-8.00
31904,130,-0.206372,-10.00
31924,134,-0.389835,-14.00
31944,132,0.186948,-12.00
31963,134,-0.207941,-14.00
31983,136,-0.198620,-16.00
32003,133,0.282555,-13.00
32022,137,-0.411224,-17.00
32042,137,-0.007014,-17.00
32062,137,-0.007015,-17.00
32081,133,0.398764,-13.00
32101,138,-0.487407,-18.00
32120,138,-0.007408,-18.00
32140,139,-0.103801,-19.00
32160,141,-0.200585,-21.00
32179,139,0.194303,-19.00
32199,142,-0.296979,-22.00
32219,143,-0.105371,-23.00
32238,141,0.193517,-21.00
32258,140,0.087803,-20.00
32278,140,-0.008197,-20.00
32297,142,-0.211087,-22.00
32317,142,-0.008983,-22.00
32337,143,-0.105375,-23.00
32357,139,0.376192,-19.00
32376,141,-0.210698,-21.00
32396,140,0.087799,-20.00
32415,143,-0.312536,-23.00
32435,140,0.279797,-20.00
32455,139,0.088189,-19.00
32474,137,0.195078,-17.00
32494,142,-0.488988,-22.00
32514,141,0.087403,-21.00
32533,140,0.092847,-20.00
32553,141,-0.104598,-21.00
32573,141,-0.008599,-21.00
32592,139,0.194290,-19.00
32612,139,-0.007816,-19.00
32632,136,0.281359,-16.00
32651,136,-0.006641,-16.00
32671,134,0.186142,-14.00
32691,138,-0.391426,-18.00
32710,136,0.195463,-16.00
32730,134,0.186141,-14.00
32750,134,-0.005860,-14.00
32769,133,0.095585,-13.00
32789,132,0.090924,-12.00
32809,135,-0.294253,-15.00
32828,131,0.399525,-11.00
32848,133,-0.197470,-13.00
32867,130,0.298864,-10.00
32887,128,0.188490,-8.00
32907,131,-0.292687,-11.00
32926,129,0.198202,-9.00
32946,127,0.188881,-7.00
32966,128,-0.099511,-8.00
32985,124,0.402267,-4.00
33005,127,-0.291120,-7.00
33025,124,0.286056,-4.00
33044,126,-0.204833,-6.00
33064,123,0.286448,-3.00
33083,124,-0.102997,-4.00
33103,125,-0.098336,-5.00
33123,122,0.286840,-2.00
33142,121,0.100284,-1.00
33162,123,-0.193553,-3.00
33182,121,0.191231,-1.00
33201,123,-0.203658,-3.00
33221,123,-0.001553,-3.00
33241,124,-0.097945,-4.00
33260,122,0.200944,-2.00
33280,122,-0.001161,-2.00
33299,123,-0.102606,-3.00
33319,123,-0.001553,-3.00
33339,123,-0.001553,-3.00
33358,121,0.201336,-1.00
33378,121,-0.000769,-1.00
33397,123,-0.203659,-3.00
33417,122,0.094838,-2.00
33436,121,0.100283,-1.00
33456,123,-0.193554,-3.00
33476,124,-0.097946,-4.00
33495,123,0.099499,-3.00
33515,123,-0.001554,-3.00
33535,123,-0.001554,-3.00
33554,121,0.201335,-1.00
33574,122,-0.097162,-2.00
33593,124,-0.204052,-4.00
33613,124,-0.001946,-4.00
33633,121,0.287230,-1.00
33652,124,-0.305104,-4.00
33672,123,0.094445,-3.00
33692,120,0.287621,0.00
33711,124,-0.406157,-4.00
33731,123,0.094445,-3.00
33750,125,-0.204444,-5.00
33770,124,0.094053,-4.00
33790,122,0.190837,-2.00
33809,124,-0.204053,-4.00
33829,124,-0.001947,-4.00
33849,123,0.094444,-3.00
33868,126,-0.305890,-6.00
33888,120,0.575620,0.00
33907,126,-0.609048,-6.00
33927,124,0.190052,-4.00
33947,123,0.094444,-3.00
33966,124,-0.103001,-4.00
33986,123,0.094444,-3.00
34006,124,-0.097948,-4.00
34025,122,0.200941,-2.00
34045,123,-0.097557,-3.00
34064,124,-0.103001,-4.00
34084,124,-0.001949,-4.00
34104,127,-0.291125,-7.00
34123,122,0.504098,-2.00
34143,124,-0.193949,-4.00
34162,122,0.200940,-2.00
34182,125,-0.290342,-5.00
34202,123,0.190442,-3.00
34221,125,-0.204447,-5.00
34241,125,-0.002342,-5.00
34260,123,0.200547,-3.00
34280,123,-0.001558,-3.00
34300,124,-0.097950,-4.00
34319,121,0.302384,-1.00
34339,123,-0.193558,-3.00
34358,122,0.099886,-2.00
34378,124,-0.193951,-4.00
34398,123,0.094441,-3.00
34417,124,-0.103003,-4.00
34437,125,-0.098343,-5.00
34457,121,0.383225,-1.00
34476,123,-0.203664,-3.00
34496,122,0.094833,-2.00
34515,118,0.404611,2.00
34535,125,-0.674343,-5.00
34555,122,0.286833,-2.00
34574,125,-0.305501,-5.00
34594,118,0.672401,2.00
34614,123,-0.481559,-3.00
34633,120,0.302774,0.00
34653,123,-0.289560,-3.00
34672,123,-0.001560,-3.00
34692,123,-0.001560,-3.00
34712,124,-0.097952,-4.00
34731,122,0.200937,-2.00
34751,123,-0.097560,-3.00
34771,124,-0.097952,-4.00
34790,123,0.099492,-3.00
34810,125,-0.194344,-5.00
34829,126,-0.103789,-6.00
34849,120,0.575615,0.00
34869,123,-0.289561,-3.00
34888,123,-0.001561,-3.00
34908,121,0.191223,-1.00
34927,124,-0.305111,-4.00
34947,122,0.190831,-2.00
34966,120,0.201720,0.00
34986,121,-0.096777,-1.00
35006,120,0.095615,0.00
35025,120,-0.000385,0.00
35045,122,-0.193169,-2.00
35065,122,-0.001169,-2.00
35084,122,-0.001169,-2.00
35104,120,0.191615,0.00
35123,124,-0.406164,-4.00
35143,121,0.287223,-1.00
35163,117,0.384791,3.00
35182,120,-0.303543,0.00
35202,117,0.288791,3.00
35221,118,-0.100654,2.00
35241,120,-0.192385,0.00
35261,121,-0.096777,-1.00
35280,121,-0.000777,-1.00
35300,118,0.288399,2.00
35320,117,0.096791,3.00
35339,117,0.000791,3.00
35359,119,-0.191993,1.00
35379,111,0.771143,9.00
35398,114,-0.301190,6.00
35418,115,-0.094424,5.00
35437,111,0.407355,9.00
35457,108,0.292320,12.00
35477,107,0.100713,13.00
35496,109,-0.198176,11.00
35516,103,0.582282,17.00
35536,104,-0.090110,16.00
35555,104,0.005891,16.00
35575,102,0.198675,18.00
35595,99,0.295852,21.00
35615,95,0.393421,25.00
35634,96,-0.092023,24.00
35654,90,0.587382,30.00
35673,91,-0.090061,29.00
35693,86,0.492952,34.00
35713,87,-0.083439,33.00
35732,89,-0.190327,31.00
35752,85,0.397348,35.00
35772,84,0.109741,36.00
35791,84,0.013742,36.00
35811,81,0.302919,39.00
35830,81,0.014920,39.00
35850,77,0.400490,43.00
35870,77,0.016491,43.00
35889,80,-0.287842,40.00
35909,75,0.497278,45.00
35929,71,0.402847,49.00
35948,72,-0.082596,48.00
35968,73,-0.077934,47.00
35987,69,0.423846,51.00
36007,71,-0.173147,49.00
36026,68,0.323189,52.00
36046,68,0.020032,52.00
36066,66,0.212818,54.00
36085,66,0.020820,54.00
36105,66,0.020822,54.00
36124,68,-0.182066,52.00
36144,66,0.212825,54.00
36164,66,0.020827,54.00
36183,65,0.122273,55.00
36203,70,-0.460738,50.00
36222,67,0.323597,53.00
36242,69,-0.172343,51.00
36262,70,-0.076733,50.00
36281,68,0.222158,52.00
36301,70,-0.172730,50.00
36321,69,0.115664,51.00
36340,69,0.019665,51.00
36360,75,-0.558685,45.00
36379,71,0.423095,49.00
36399,73,-0.173898,47.00
36419,74,-0.078289,46.00
36438,75,-0.083732,45.00
36458,76,-0.079070,44.00
36477,78,-0.185958,42.00
36497,76,0.208932,44.00
36516,80,-0.388845,40.00
36536,80,0.015367,40.00
36556,78,0.208152,42.00
36575,83,-0.491070,37.00
36595,82,0.110587,38.00
36615,84,-0.178196,36.00
36634,82,0.216694,38.00
36654,87,-0.467370,33.00
36673,88,-0.088814,32.00
36693,90,-0.180544,30.00
36713,90,0.011457,30.00
36732,94,-0.394321,26.00
36752,93,0.106283,27.00
36772,94,-0.086109,26.00
36791,96,-0.192997,24.00
36811,97,-0.087283,23.00
36831,96,0.105110,24.00
36850,102,-0.599558,18.00
36870,102,0.006759,18.00
36889,104,-0.196130,16.00
36909,103,0.102368,17.00
36929,106,-0.282808,14.00
36948,107,-0.096252,13.00
36968,110,-0.284375,10.00
36988,112,-0.189159,8.00
37007,111,0.104286,9.00
37027,112,-0.093158,8.00
37047,111,0.099234,9.00
37067,116,-0.478726,4.00
37086,112,0.407053,8.00
37106,118,-0.575510,2.00
37125,119,-0.100954,1.00
37145,123,-0.385470,-3.00
37165,117,0.576882,3.00
37184,122,-0.506341,-2.00
37204,124,-0.193862,-4.00
37224,124,-0.001862,-4.00
37243,121,0.302472,-1.00
37263,120,0.095706,0.00
37282,120,-0.000294,0.00
37302,122,-0.193078,-2.00
37322,124,-0.193862,-4.00
37341,122,0.201027,-2.00
37361,125,-0.290254,-5.00
37381,124,0.094138,-4.00
37400,125,-0.103307,-5.00
37420,124,0.094137,-4.00
37439,125,-0.103307,-5.00
37459,123,0.190529,-3.00
37479,122,0.094921,-2.00
37498,126,-0.406858,-6.00
37518,126,-0.002647,-6.00
37538,123,0.286529,-3.00
37557,125,-0.204361,-5.00
37577,125,-0.002256,-5.00
37596,121,0.403523,-1.00
37616,119,0.192096,1.00
37636,125,-0.578256,-5.00
37655,121,0.403523,-1.00
37675,121,-0.000688,-1.00
37695,121,-0.000688,-1.00
37714,120,0.100757,0.00
37734,123,-0.289472,-3.00
37753,121,0.201417,-1.00
37773,124,-0.289864,-4.00
37792,120,0.403914,0.00
37812,118,0.192488,2.00
37831,120,-0.202401,0.00
37851,121,-0.096688,-1.00
37871,118,0.288488,2.00
37890,119,-0.100957,1.00
37910,122,-0.289080,-2.00
37929,119,0.303254,1.00
37949,119,0.000096,1.00
37969,118,0.096488,2.00
37988,115,0.304822,5.00
38008,116,-0.094728,4.00
38028,118,-0.191512,2.00
38048,116,0.193272,4.00
38067,112,0.407051,8.00
38087,116,-0.382727,4.00
38106,113,0.305607,7.00
38126,111,0.195233,9.00
38146,112,-0.093158,8.00
38165,112,0.002842,8.00
38185,109,0.292018,11.00
38205,109,0.004018,11.00
38224,110,-0.097426,10.00
38244,110,0.003627,10.00
38264,108,0.196411,12.00
38283,107,0.105856,13.00
38303,106,0.101196,14.00
38323,107,-0.091195,13.00
38342,100,0.714918,20.00
38362,99,0.103942,21.00
38382,101,-0.184841,19.00
38401,98,0.311493,22.00
38421,100,-0.184448,20.00
38441,98,0.200337,22.00
38460,98,0.008337,22.00
38480,95,0.297514,25.00
38500,96,-0.086877,24.00
38519,97,-0.092321,23.00
38539,98,-0.087660,22.00
38559,99,-0.088051,21.00
38578,98,0.109394,22.00
38598,96,0.201126,24.00
38617,100,-0.396652,20.00
38637,96,0.393128,24.00
38657,101,-0.472832,19.00
38676,98,0.311503,22.00
38696,100,-0.184438,20.00
38716,102,-0.185222,18.00
38735,102,0.006779,18.00
38755,103,-0.089613,17.00
38774,105,-0.196501,15.00
38794,103,0.198388,17.00
38814,105,-0.186395,15.00
38833,110,-0.501618,10.00
38853,108,0.196429,12.00
38873,104,0.389998,16.00
38892,107,-0.298335,13.00
38912,110,-0.284353,10.00
38932,110,0.003647,10.00
38951,110,0.003647,10.00
38971,110,0.003648,10.00
38991,109,0.100040,11.00
39010,114,-0.503183,6.00
39030,109,0.484041,11.00
39050,111,-0.188743,9.00
39069,111,0.003257,9.00
39089,115,-0.382311,5.00
39109,113,0.194473,7.00
39128,116,-0.301860,4.00
39148,113,0.290474,7.00
39168,114,-0.093918,6.00
39187,114,0.002082,6.00
39207,117,-0.287094,3.00
39227,112,0.482867,8.00
39246,115,-0.301467,5.00
39266,116,-0.094701,4.00
39286,114,0.194083,6.00
39305,115,-0.099361,5.00
39325,117,-0.191093,3.00
39345,115,0.193691,5.00
39364,117,-0.201198,3.00
39384,115,0.193692,5.00
39403,116,-0.099753,4.00
39423,115,0.097692,5.00
39443,116,-0.094700,4.00
39462,114,0.204190,6.00
39482,115,-0.094308,5.00
39502,117,-0.191091,3.00
39521,116,0.102353,4.00
39541,119,-0.287875,1.00
39561,116,0.289301,4.00
39580,115,0.102746,5.00
39600,117,-0.191091,3.00
39619,116,0.102354,4.00
39639,115,0.097693,5.00
39659,114,0.098086,6.00
39678,114,0.002086,6.00
39698,113,0.098478,7.00
39718,111,0.195262,9.00
39738,117,-0.575090,3.00
39757,114,0.305244,6.00
39777,111,0.291263,9.00
39797,110,0.099655,10.00
39816,113,-0.300679,7.00
39836,115,-0.190304,5.00
39855,111,0.407474,9.00
39875,114,-0.285912,6.00
39895,115,-0.094304,5.00
39914,115,0.001696,5.00
39934,116,-0.094696,4.00
39954,112,0.386873,8.00
39973,119,-0.707240,1.00
39993,118,0.096521,2.00
40013,115,0.289697,5.00
40032,115,0.001697,5.00
40052,114,0.098089,6.00
40071,113,0.103534,7.00
40091,111,0.195266,9.00
40111,115,-0.382302,5.00
40130,110,0.508921,10.00
40150,116,-0.574694,4.00
40170,115,0.097699,5.00
40189,118,-0.302635,2.00
40209,118,0.000523,2.00
40229,115,0.289699,5.00
40249,114,0.098091,6.00
40268,116,-0.200798,4.00
40288,116,0.001307,4.00
40308,116,0.001307,4.00
40327,112,0.407086,8.00
40347,115,-0.286300,5.00
40366,117,-0.201189,3.00
40386,118,-0.095476,2.00
40406,118,0.000524,2.00
40425,117,0.101969,3.00
40445,118,-0.095476,2.00
40464,121,-0.303810,-1.00
40484,117,0.384916,3.00
40504,121,-0.384652,-1.00
40524,117,0.384916,3.00
40543,119,-0.201973,1.00
40563,121,-0.192652,-1.00
40582,119,0.202238,1.00
40602,125,-0.578220,-5.00
40622,123,0.190564,-3.00
40642,123,-0.001436,-3.00
40661,124,-0.102881,-4.00
40681,124,-0.001828,-4.00
40700,123,0.099616,-3.00
40720,121,0.191348,-1.00
40739,126,-0.507876,-6.00
40759,126,-0.002613,-6.00
40779,124,0.190171,-4.00
40798,127,-0.306163,-7.00
40818,129,-0.195789,-9.00
40838,129,-0.003790,-9.00
40857,130,-0.105235,-10.00
40877,130,-0.004182,-10.00
40896,130,-0.004183,-10.00
40916,131,-0.100575,-11.00
40936,130,0.091817,-10.00
40955,131,-0.105628,-11.00
40975,135,-0.390144,-15.00
40995,133,0.186639,-13.00
41014,131,0.197528,-11.00
41034,136,-0.486537,-16.00
41054,133,0.282638,-13.00
41073,135,-0.208252,-15.00
41093,135,-0.006147,-15.00
41113,135,-0.006147,-15.00
41132,136,-0.107592,-16.00
41152,132,0.379028,-12.00
41172,134,-0.197757,-14.00
41191,132,0.197132,-12.00
41211,136,-0.390541,-16.00
41231,137,-0.102934,-17.00
41250,132,0.500289,-12.00
41270,133,-0.101367,-13.00
41290,134,-0.101759,-14.00
41309,134,-0.005760,-14.00
41329,133,0.090632,-13.00
41348,132,0.096076,-12.00
41368,133,-0.101369,-13.00
41388,135,-0.198153,-15.00
41407,134,0.095291,-14.00
41427,132,0.187022,-12.00
41447,134,-0.197763,-14.00
41466,131,0.298571,-11.00
41486,131,-0.004587,-11.00
41506,131,-0.004588,-11.00
41525,132,-0.106033,-12.00
41545,133,-0.101372,-13.00
41565,132,0.091019,-12.00
41584,132,-0.004981,-12.00
41604,131,0.091411,-11.00
41624,127,0.380978,-7.00
41643,131,-0.408801,-11.00
41663,129,0.188194,-9.00
41683,132,-0.292983,-12.00
41702,131,0.096462,-11.00
41722,130,0.091801,-10.00
41742,129,0.092192,-9.00
41761,130,-0.105253,-10.00
41781,130,-0.004200,-10.00
41801,129,0.092191,-9.00
41820,127,0.199080,-7.00
41840,132,-0.484985,-12.00
41860,129,0.284191,-9.00
41879,131,-0.206699,-11.00
41899,128,0.284582,-8.00
41918,127,0.098026,-7.00
41938,126,0.093366,-6.00
41958,128,-0.195419,-8.00
41977,128,-0.003419,-8.00
41997,129,-0.099811,-9.00
42017,128,0.092581,-8.00
42036,129,-0.104864,-9.00
42056,127,0.188972,-7.00
42075,128,-0.104473,-8.00
42095,129,-0.099813,-9.00
42114,127,0.199077,-7.00
42134,132,-0.484989,-12.00
42154,130,0.187795,-10.00
42173,128,0.198684,-8.00
42193,129,-0.099814,-9.00
42212,124,0.503409,-4.00
42232,123,0.094538,-3.00
42252,126,-0.290638,-6.00
42271,128,-0.205528,-8.00
42291,127,0.092969,-7.00
42311,128,-0.099423,-8.00
42330,126,0.199466,-6.00
42350,128,-0.195424,-8.00
42370,128,-0.003424,-8.00
42389,129,-0.104869,-9.00
42409,128,0.092576,-8.00
42428,130,-0.206314,-10.00
42448,126,0.381359,-6.00
42468,128,-0.195425,-8.00
42487,128,-0.003425,-8.00
42507,128,-0.003426,-8.00
42527,129,-0.099818,-9.00
42546,130,-0.105263,-10.00
42566,126,0.381358,-6.00
42586,127,-0.099035,-7.00
42605,127,-0.003035,-7.00
42625,128,-0.099427,-8.00
42644,126,0.199462,-6.00
42664,128,-0.195427,-8.00
42684,126,0.189356,-6.00
42703,127,-0.104089,-7.00
42723,129,-0.195820,-9.00
42742,129,-0.003820,-9.00
42762,130,-0.100213,-10.00
42782,125,0.477747,-5.00
42801,129,-0.408032,-9.00
42821,126,0.285355,-6.00
42841,125,0.093746,-5.00
42860,126,-0.103698,-6.00
42880,126,-0.002646,-6.00
42899,126,-0.002646,-6.00
42919,126,-0.002646,-6.00
42939,127,-0.099039,-7.00
42958,130,-0.307373,-10.00
42978,125,0.477745,-5.00
42997,130,-0.509478,-10.00
43017,127,0.284960,-7.00
43037,127,-0.003040,-7.00
43056,126,0.098405,-6.00
43076,126,-0.002648,-6.00
43095,128,-0.205538,-8.00
43115,124,0.382136,-4.00
43135,126,-0.194649,-6.00
43154,126,-0.002649,-6.00
43174,126,-0.002649,-6.00
43194,127,-0.099041,-7.00
43213,125,0.199848,-5.00
43233,122,0.286919,-2.00
43252,123,-0.102526,-3.00
43272,126,-0.290650,-6.00
43292,126,-0.002650,-6.00
43311,124,0.200239,-4.00
43331,125,-0.098258,-5.00
43351,123,0.190526,-3.00
43370,123,-0.001474,-3.00
43390,124,-0.097867,-4.00
43410,123,0.094525,-3.00
43429,123,-0.001475,-3.00
43449,121,0.191309,-1.00
43468,123,-0.203580,-3.00
43488,126,-0.290651,-6.00
43508,122,0.382917,-2.00
43527,123,-0.102528,-3.00
43547,124,-0.097867,-4.00
43566,124,-0.001867,-4.00
43586,124,-0.001868,-4.00
43606,121,0.287308,-1.00
43625,121,-0.000692,-1.00
43645,121,-0.000692,-1.00
43664,119,0.202198,1.00
43684,120,-0.096300,0.00
43704,121,-0.096692,-1.00
43723,120,0.100753,0.00
43743,121,-0.096692,-1.00
43762,117,0.405087,3.00
43782,119,-0.191908,1.00
43802,116,0.289269,4.00
43821,113,0.305603,7.00
43841,114,-0.093947,6.00
43861,110,0.387621,10.00
43880,110,0.003622,10.00
43900,113,-0.285554,7.00
43920,108,0.484406,12.00
43939,104,0.410185,16.00
43959,104,0.005975,16.00
43979,103,0.102368,17.00
43998,100,0.310702,20.00
44018,98,0.200329,22.00
44038,98,0.008330,22.00
44057,89,0.921332,31.00
44077,91,-0.180924,29.00
44097,88,0.300253,32.00
44116,88,0.012254,32.00
44136,84,0.397823,36.00
44155,81,0.318158,39.00
44175,82,-0.081391,38.00
44195,79,0.303786,41.00
44214,81,-0.187102,39.00
44234,82,-0.081387,38.00
44254,78,0.400182,42.00
44273,75,0.320517,45.00
44293,75,0.017361,45.00
44312,74,0.118807,46.00
44332,71,0.306932,49.00
44352,71,0.018934,49.00
44371,72,-0.082510,48.00
44391,68,0.404113,52.00
44410,71,-0.284220,49.00
44430,70,0.115332,50.00
44450,69,0.115725,51.00
44469,69,0.019727,51.00
44489,71,-0.173055,49.00
44508,72,-0.082499,48.00
44528,74,-0.174229,46.00
44547,70,0.423551,50.00
44567,71,-0.077049,49.00
44587,73,-0.173832,47.00
44606,71,0.221059,49.00
44626,73,-0.173829,47.00
44646,73,0.018173,47.00
44665,75,-0.184715,45.00
44685,75,0.017391,45.00
44704,78,-0.286941,42.00
44724,77,0.112610,43.00
44743,77,0.016611,43.00
44763,78,-0.079779,42.00
44783,81,-0.272954,39.00
44802,82,-0.086398,38.00
44822,82,0.014656,38.00
44841,83,-0.086787,37.00
44861,85,-0.178517,35.00
44881,84,0.109876,36.00
44900,88,-0.391902,32.00
44920,85,0.301486,35.00
44940,87,-0.179297,33.00
44959,92,-0.494520,28.00
44979,92,0.010745,28.00
44998,91,0.112190,29.00
45018,95,-0.374430,25.00
45038,97,-0.183213,23.00
45058,95,0.201572,25.00
45077,98,-0.294761,22.00
45097,101,-0.280779,19.00
45117,102,-0.089170,18.00
45136,105,-0.297504,15.00
45156,106,-0.090737,14.00
45176,108,-0.187521,12.00
45195,106,0.207369,14.00
45215,111,-0.476696,9.00
45235,111,0.003304,9.00
45254,113,-0.199585,7.00
45274,116,-0.286656,4.00
45293,113,0.305678,7.00
45313,119,-0.575832,1.00
45333,116,0.289345,4.00
45352,120,-0.404434,0.00
45372,120,-0.000223,0.00
45392,117,0.288953,3.00
45411,119,-0.201937,1.00
45431,119,0.000169,1.00
45451,121,-0.192615,-1.00
45470,122,-0.102060,-2.00
45490,120,0.191777,0.00
45510,120,-0.000223,0.00
45529,120,-0.000223,0.00
45549,120,-0.000223,0.00
45568,122,-0.203113,-2.00
45588,124,-0.193791,-4.00
45608,122,0.190992,-2.00
45627,121,0.100437,-1.00
45647,121,-0.000616,-1.00
45666,120,0.100829,0.00
45686,121,-0.096616,-1.00
45705,122,-0.102060,-2.00
45725,120,0.191776,0.00
45745,121,-0.096616,-1.00
45764,120,0.100829,0.00
45784,122,-0.193008,-2.00
45803,123,-0.102453,-3.00
45823,119,0.384168,1.00
45842,122,-0.304166,-2.00
45862,119,0.288168,1.00
45882,121,-0.192616,-1.00
45901,115,0.608052,5.00
45921,118,-0.287440,2.00
45941,120,-0.192224,0.00
45960,117,0.304110,3.00
45980,120,-0.288224,0.00
45999,120,-0.000224,0.00
46019,117,0.288952,3.00
46039,119,-0.191831,1.00
46058,121,-0.202721,-1.00
46078,118,0.288561,2.00
46098,119,-0.095831,1.00
46117,115,0.405947,5.00
46137,112,0.290913,8.00
46156,114,-0.199976,6.00
46176,111,0.291305,9.00
46196,113,-0.189478,7.00
46215,111,0.205411,9.00
46235,107,0.388874,13.00
46255,108,-0.091517,12.00
46274,103,0.511706,17.00
46294,99,0.392012,21.00
46314,99,0.008013,21.00
46334,96,0.297189,24.00
46353,95,0.110635,25.00
46373,89,0.587935,31.00
46392,93,-0.393843,27.00
46412,89,0.395937,31.00
46432,88,0.108330,32.00
46451,86,0.215220,34.00
46471,85,0.109508,35.00
46491,85,0.013509,35.00
46510,81,0.419289,39.00
46530,80,0.111472,40.00
46549,79,0.116918,41.00
46569,75,0.401434,45.00
46589,75,0.017436,45.00
46608,71,0.423216,49.00
46628,71,0.019007,49.00
46647,69,0.221898,51.00
46667,73,-0.365774,47.00
46687,69,0.403796,51.00
46706,70,-0.081648,50.00
46726,69,0.115799,51.00
46745,69,0.019800,51.00
46765,71,-0.172982,49.00
46784,71,0.019019,49.00
46804,69,0.211805,51.00
46824,72,-0.269369,48.00
46843,72,0.018632,48.00
46863,72,0.018633,48.00
46883,73,-0.077757,47.00
46902,72,0.119689,48.00
46922,74,-0.174146,46.00
46941,75,-0.083589,45.00
46961,78,-0.271711,42.00
46981,77,0.112682,43.00
47000,76,0.118128,44.00
47020,80,-0.368491,40.00
47039,84,-0.390269,36.00
47059,81,0.303119,39.00
47078,82,-0.086324,38.00
47098,82,0.014729,38.00
47118,83,-0.081661,37.00
47137,86,-0.289994,34.00
47157,87,-0.083227,33.00
47177,91,-0.372794,29.00
47196,91,0.011206,29.00
47216,94,-0.277969,26.00
47236,95,-0.086360,25.00
47255,96,-0.091804,24.00
47275,97,-0.087142,23.00
47294,102,-0.498365,18.00
47314,103,-0.089493,17.00
47334,103,0.006507,17.00
47353,107,-0.399271,13.00
47373,107,0.004940,13.00
47393,111,-0.380628,9.00
47412,115,-0.402406,5.00
47432,113,0.194589,7.00
47452,118,-0.479371,2.00
47472,116,0.193413,4.00
47491,118,-0.201476,2.00
47511,118,0.000629,2.00
47530,123,-0.506594,-3.00
47550,122,0.095061,-2.00
47570,124,-0.193723,-4.00
47589,123,0.099721,-3.00
47609,126,-0.290508,-6.00
47629,125,0.093884,-5.00
47648,128,-0.306450,-8.00
47668,129,-0.099684,-9.00
47687,130,-0.105129,-10.00
47707,130,-0.004077,-10.00
47727,133,-0.293253,-13.00
47746,133,-0.005254,-13.00
47766,136,-0.294430,-16.00
47786,136,-0.006431,-16.00
47805,137,-0.107876,-17.00
47825,136,0.089568,-16.00
47845,138,-0.199216,-18.00
47864,137,0.094228,-17.00
47884,141,-0.392394,-21.00
47904,138,0.280782,-18.00
47923,141,-0.311553,-21.00
47943,140,0.087997,-20.00
47962,141,-0.109449,-21.00
47982,139,0.184387,-19.00
48002,140,-0.104005,-20.00
48022,138,0.184778,-18.00
48041,139,-0.108667,-19.00
48061,138,0.088777,-18.00
48081,140,-0.200008,-20.00
48100,139,0.093436,-19.00
48120,139,-0.007617,-19.00
48140,141,-0.200402,-21.00
48159,137,0.397376,-17.00
48179,136,0.089557,-16.00
48199,138,-0.199227,-18.00
48218,140,-0.210117,-20.00
48238,138,0.184772,-18.00
48257,138,-0.007229,-18.00
48277,139,-0.103621,-19.00
48297,138,0.088770,-18.00
48316,137,0.094214,-17.00
48336,137,-0.006839,-17.00
48356,137,-0.006840,-17.00
48375,136,0.094605,-16.00
48395,135,0.089943,-15.00
48415,136,-0.102449,-16.00
48435,134,0.186334,-14.00
48454,131,0.298668,-11.00
48474,134,-0.293666,-14.00
48494,132,0.187117,-12.00
48513,133,-0.106328,-13.00
48533,131,0.187509,-11.00
48552,130,0.096953,-10.00
48572,130,-0.004100,-10.00
48592,131,-0.100492,-11.00
48611,129,0.198397,-9.00
48631,130,-0.100101,-10.00
48651,131,-0.100493,-11.00
48670,130,0.096951,-10.00
48690,129,0.092290,-9.00
48710,130,-0.100102,-10.00
48729,131,-0.105547,-11.00
48749,127,0.381073,-7.00
48768,126,0.098518,-6.00
48788,129,-0.291711,-9.00
48808,126,0.285464,-6.00
48827,127,-0.103980,-7.00
48847,130,-0.292104,-10.00
48867,126,0.381464,-6.00
48886,125,0.098908,-5.00
48906,127,-0.194929,-7.00
48925,125,0.199960,-5.00
48945,125,-0.002145,-5.00
48965,126,-0.098537,-6.00
48984,124,0.200352,-4.00
49004,127,-0.290929,-7.00
49024,127,-0.002930,-7.00
49043,126,0.098515,-6.00
49063,128,-0.195322,-8.00
49082,129,-0.104767,-9.00
49102,125,0.381853,-5.00
49122,125,-0.002147,-5.00
49141,127,-0.205036,-7.00
49161,127,-0.002931,-7.00
49180,130,-0.307265,-10.00
49200,130,-0.004108,-10.00
49220,131,-0.100500,-11.00
49239,124,0.705612,-4.00
49259,130,-0.580109,-10.00
49278,124,0.604559,-4.00
49298,128,-0.387325,-8.00
49318,124,0.382243,-4.00
49337,127,-0.306091,-7.00
49357,126,0.093458,-6.00
49376,128,-0.205431,-8.00
49396,127,0.093066,-7.00
49416,131,-0.388502,-11.00
49435,125,0.604165,-5.00
49455,130,-0.484111,-10.00
49475,126,0.381457,-6.00
49494,128,-0.205432,-8.00
49514,127,0.093065,-7.00
49534,129,-0.195720,-9.00
49553,127,0.199169,-7.00
49573,127,-0.002936,-7.00
49592,126,0.098508,-6.00
49612,127,-0.098937,-7.00
49632,127,-0.002937,-7.00
49651,127,-0.002937,-7.00
49671,126,0.093455,-6.00
49691,128,-0.195329,-8.00
49710,125,0.301004,-5.00
49730,128,-0.291330,-8.00
49750,124,0.382238,-4.00
49769,127,-0.306096,-7.00
49789,126,0.093454,-6.00
49808,126,-0.002547,-6.00
49828,127,-0.098939,-7.00
49848,126,0.093453,-6.00
49867,127,-0.103992,-7.00
49887,127,-0.002939,-7.00
49907,126,0.093452,-6.00
49926,127,-0.103992,-7.00
49946,125,0.189844,-5.00
49965,124,0.099288,-4.00
49985,126,-0.194548,-6.00
50004,127,-0.103993,-7.00
50024,124,0.286235,-4.00
50044,126,-0.194549,-6.00
50063,125,0.098896,-5.00
50083,126,-0.098549,-6.00
50102,125,0.098895,-5.00
50122,125,-0.002158,-5.00
50142,127,-0.194942,-7.00
50161,123,0.402837,-3.00
50181,124,-0.097766,-4.00
50201,125,-0.098158,-5.00
50220,123,0.200731,-3.00
50240,126,-0.290550,-6.00
50260,121,0.479410,-1.00
50279,124,-0.304924,-4.00
50299,126,-0.194551,-6.00
50318,124,0.200338,-4.00
50338,127,-0.290943,-7.00
50358,123,0.382625,-3.00
50377,124,-0.102820,-4.00
50397,124,-0.001767,-4.00
50416,123,0.099677,-3.00
50436,124,-0.097768,-4.00
50456,124,-0.001768,-4.00
50475,122,0.201121,-2.00
50495,121,0.095408,-1.00
50514,122,-0.102037,-2.00
50534,123,-0.097376,-3.00
50554,125,-0.194160,-5.00
50573,118,0.707952,2.00
50593,124,-0.577768,-4.00
50613,122,0.191016,-2.00
50632,121,0.100460,-1.00
50652,123,-0.193376,-3.00
50671,119,0.404402,1.00
50691,119,0.000192,1.00
50710,120,-0.101253,0.00
50730,119,0.096192,1.00
50750,117,0.192976,3.00
50770,117,0.000976,3.00
50789,119,-0.201913,1.00
50809,115,0.385760,5.00
50828,117,-0.201129,3.00
50848,115,0.193760,5.00
50868,114,0.098152,6.00
50887,115,-0.099292,5.00
50907,113,0.194545,7.00
50927,113,0.002545,7.00
50946,111,0.205435,9.00
50966,112,-0.093062,8.00
50985,111,0.104382,9.00
51005,110,0.099722,10.00
51025,110,0.003723,10.00
51044,103,0.713835,17.00
51064,105,-0.186316,15.00
51084,102,0.294860,18.00
51103,103,-0.094584,17.00
51123,105,-0.186315,15.00
51143,101,0.391254,19.00
51162,98,0.311588,22.00
51182,100,-0.184353,20.00
51202,99,0.104040,21.00
51221,97,0.210930,23.00
51241,96,0.105217,24.00
51261,97,-0.087174,23.00
51280,95,0.211716,25.00
51300,95,0.009611,25.00
51320,94,0.106004,26.00
51339,93,0.111450,27.00
51359,92,0.106790,28.00
51378,95,-0.293543,25.00
51398,91,0.395184,29.00
51418,93,-0.181599,27.00
51437,95,-0.192488,25.00
51457,93,0.202402,27.00
51477,91,0.203187,29.00
51496,89,0.214077,31.00
51516,90,-0.084419,30.00
51536,92,-0.181202,28.00
51555,90,0.213688,30.00
51575,91,-0.084808,29.00
51595,92,-0.085199,28.00
51614,91,0.112246,29.00
51634,88,0.300371,32.00
51653,86,0.215261,34.00
51673,89,-0.276019,31.00
51693,90,-0.084410,30.00
51712,86,0.417369,34.00
51732,89,-0.276016,31.00
51752,85,0.397553,35.00
51771,86,-0.087891,34.00
51791,87,-0.083229,33.00
51811,86,0.109164,34.00
51830,85,0.114610,35.00
51850,86,-0.082834,34.00
51869,84,0.216056,36.00
51889,85,-0.082440,35.00
51909,88,-0.275615,32.00
51928,84,0.418165,36.00
51948,82,0.206740,38.00
51968,86,-0.370827,34.00
51987,81,0.520397,39.00
52007,83,-0.177649,37.00
52026,81,0.217241,39.00
52046,84,-0.274039,36.00
52066,84,0.013962,36.00
52085,81,0.318298,39.00
52105,84,-0.274035,36.00
52124,84,0.013966,36.00
52144,83,0.110359,37.00
52164,83,0.014360,37.00
52183,81,0.217251,39.00
52203,81,0.015147,39.00
52222,79,0.218037,41.00
52242,80,-0.080459,40.00
52262,80,0.015543,40.00
52281,80,0.015544,40.00
52301,76,0.401113,44.00
52320,76,0.017114,44.00
52340,78,-0.175668,42.00
52359,78,0.016333,42.00
52379,76,0.209119,44.00
52399,73,0.306296,47.00
52418,74,-0.083147,46.00
52438,73,0.114299,47.00
52458,72,0.114692,48.00
52477,72,0.018694,48.00
52497,69,0.307872,51.00
52516,67,0.222762,53.00
52536,65,0.213443,55.00
52556,67,-0.171339,53.00
52575,62,0.527886,58.00
52595,64,-0.170160,56.00
52614,63,0.123287,57.00
52634,62,0.118628,58.00
52654,60,0.215414,60.00
52673,58,0.226305,62.00
52693,55,0.313378,65.00
52712,54,0.126824,66.00
52732,50,0.411342,70.00
52752,53,-0.261832,67.00
52771,51,0.229059,69.00
52791,47,0.412524,73.00
52810,46,0.129971,74.00
52830,44,0.221705,76.00
52850,42,0.222492,78.00
52869,42,0.030494,78.00
52889,39,0.319673,81.00
52909,39,0.031675,81.00
52928,36,0.336012,84.00
52948,35,0.129248,85.00
52967,31,0.439030,89.00
52987,31,0.034822,89.00
53007,31,0.034825,89.00
53026,31,0.034828,89.00
53046,30,0.131222,90.00
53066,27,0.324401,93.00
53085,26,0.137849,94.00
53105,29,-0.252377,91.00
53124,28,0.137071,92.00
53144,28,0.036021,92.00
53164,27,0.132416,93.00
53183,28,-0.065026,92.00
53203,29,-0.060362,91.00
53222,31,-0.167249,89.00
53242,29,0.227643,91.00
53261,31,-0.167243,89.00
53281,30,0.131257,90.00
53301,30,0.035260,90.00
53320,31,-0.066182,89.00
53340,30,0.131265,90.00
53359,27,0.339602,93.00
53379,29,-0.156337,91.00
53399,30,-0.060726,90.00
53418,28,0.238166,92.00
53438,28,0.036064,92.00
53458,28,0.036067,92.00
53477,30,-0.166820,90.00
53497,29,0.131680,91.00
53516,27,0.238572,93.00
53536,28,-0.059922,92.00
53556,28,0.036081,92.00
53575,28,0.036084,92.00
53595,26,0.228871,94.00
53615,29,-0.252302,91.00
53634,25,0.441479,95.00
53654,28,-0.251904,92.00
53673,29,-0.065346,91.00
53693,29,0.035709,91.00
53713,29,0.035712,91.00
53732,28,0.137160,92.00
53752,27,0.132502,93.00
53771,28,-0.064940,92.00
53791,26,0.228900,94.00
53811,30,-0.348665,90.00
53830,26,0.441116,94.00
53850,28,-0.155876,92.00
53869,28,0.036127,92.00
53889,31,-0.253046,89.00
53909,25,0.613309,95.00
53928,29,-0.368467,91.00
53948,26,0.324923,94.00
53967,28,-0.165964,92.00
53987,26,0.228929,94.00
54007,29,-0.252244,91.00
54026,27,0.238648,93.00
54046,29,-0.156239,91.00
54065,28,0.137209,92.00
54085,27,0.132551,93.00
54105,27,0.036554,93.00
54124,28,-0.064888,92.00
54144,26,0.228952,94.00
54164,29,-0.252221,91.00
54183,27,0.238671,93.00
54203,28,-0.059823,92.00
54222,26,0.239069,94.00
54242,28,-0.155818,92.00
54262,26,0.228969,94.00
54281,27,-0.064472,93.00
54301,28,-0.059809,92.00
54320,29,-0.065251,91.00
54340,28,0.132197,92.00
54359,29,-0.065245,91.00
54379,29,0.035810,91.00
54399,28,0.132205,92.00
54418,28,0.036208,92.00
54438,28,0.036211,92.00
54458,29,-0.060178,91.00
54477,30,-0.065620,90.00
54497,26,0.421004,94.00
54516,29,-0.267327,91.00
54536,29,0.035834,91.00
